// Jest Snapshot v1, https://goo.gl/fbAQLP

exports[`Loading should render Loading correctly 1`] = `
<View
  style={
    Object {
      "alignItems": "center",
      "backgroundColor": "rgba(255,255,255,0.5)",
      "bottom": 0,
      "flex": 1,
      "height": "100%",
      "justifyContent": "center",
      "left": 0,
      "position": "absolute",
      "right": 0,
      "width": "100%",
    }
  }
>
  <ActivityIndicator
    animating={true}
    color="#07A9F0"
    hidesWhenStopped={true}
    size={30}
  />
</View>
`;
